// Vitest Snapshot v1, https://vitest.dev/guide/snapshot.html

exports[`<DaySummaryChart /> > matches the snapshot for the canonical multi-kind day 1`] = `
<div
  class="flex items-center gap-4 rounded-md border border-neutral-200 bg-neutral-50 px-4 py-3 dark:border-neutral-800 dark:bg-neutral-900 "
  data-testid="day-summary-chart"
>
  <svg
    aria-label="Day summary: GitHub 4, GitLab 2, Local git 1, Jira 1, Confluence 1, Outlook 1 — 10 items today."
    class="shrink-0"
    height="72"
    role="img"
    viewBox="0 0 100 100"
    width="72"
  >
    <path
      aria-label="GitHub — 4 items (40%)"
      class="cursor-pointer outline-none transition-opacity duration-100 hover:opacity-80 focus-visible:opacity-80"
      d="M 50.00 2.00 A 48 48 0 0 1 78.21 88.83 L 66.46 72.65 A 28 28 0 0 0 50.00 22.00 Z"
      data-accent-dark="#F0F6FC"
      data-accent-light="#24292F"
      data-count="4"
      data-kind-slice="GitHub"
      role="button"
      style="fill: light-dark(#24292F, #F0F6FC);"
      tabindex="0"
    >
      <title>
        GitHub — 4 items (40%)
      </title>
    </path>
    <path
      aria-label="GitLab — 2 items (20%)"
      class="cursor-pointer outline-none transition-opacity duration-100 hover:opacity-80 focus-visible:opacity-80"
      d="M 78.21 88.83 A 48 48 0 0 1 21.79 88.83 L 33.54 72.65 A 28 28 0 0 0 66.46 72.65 Z"
      data-accent-dark="#FC6D26"
      data-accent-light="#FC6D26"
      data-count="2"
      data-kind-slice="GitLab"
      role="button"
      style="fill: light-dark(#FC6D26, #FC6D26);"
      tabindex="0"
    >
      <title>
        GitLab — 2 items (20%)
      </title>
    </path>
    <path
      aria-label="Local git — 1 item (10%)"
      class="cursor-pointer outline-none transition-opacity duration-100 hover:opacity-80 focus-visible:opacity-80"
      d="M 21.79 88.83 A 48 48 0 0 1 4.35 64.83 L 23.37 58.65 A 28 28 0 0 0 33.54 72.65 Z"
      data-accent-dark="#F05032"
      data-accent-light="#F05032"
      data-count="1"
      data-kind-slice="LocalGit"
      role="button"
      style="fill: light-dark(#F05032, #F05032);"
      tabindex="0"
    >
      <title>
        Local git — 1 item (10%)
      </title>
    </path>
    <path
      aria-label="Jira — 1 item (10%)"
      class="cursor-pointer outline-none transition-opacity duration-100 hover:opacity-80 focus-visible:opacity-80"
      d="M 4.35 64.83 A 48 48 0 0 1 4.35 35.17 L 23.37 41.35 A 28 28 0 0 0 23.37 58.65 Z"
      data-accent-dark="#4C9AFF"
      data-accent-light="#0052CC"
      data-count="1"
      data-kind-slice="Jira"
      role="button"
      style="fill: light-dark(#0052CC, #4C9AFF);"
      tabindex="0"
    >
      <title>
        Jira — 1 item (10%)
      </title>
    </path>
    <path
      aria-label="Confluence — 1 item (10%)"
      class="cursor-pointer outline-none transition-opacity duration-100 hover:opacity-80 focus-visible:opacity-80"
      d="M 4.35 35.17 A 48 48 0 0 1 21.79 11.17 L 33.54 27.35 A 28 28 0 0 0 23.37 41.35 Z"
      data-accent-dark="#2684FF"
      data-accent-light="#172B4D"
      data-count="1"
      data-kind-slice="Confluence"
      role="button"
      style="fill: light-dark(#172B4D, #2684FF);"
      tabindex="0"
    >
      <title>
        Confluence — 1 item (10%)
      </title>
    </path>
    <path
      aria-label="Outlook — 1 item (10%)"
      class="cursor-pointer outline-none transition-opacity duration-100 hover:opacity-80 focus-visible:opacity-80"
      d="M 21.79 11.17 A 48 48 0 0 1 50.00 2.00 L 50.00 22.00 A 28 28 0 0 0 33.54 27.35 Z"
      data-accent-dark="#0078D4"
      data-accent-light="#0078D4"
      data-count="1"
      data-kind-slice="Outlook"
      role="button"
      style="fill: light-dark(#0078D4, #0078D4);"
      tabindex="0"
    >
      <title>
        Outlook — 1 item (10%)
      </title>
    </path>
    <text
      aria-hidden="true"
      class="fill-neutral-700 text-[20px] font-semibold dark:fill-neutral-200"
      data-testid="day-summary-chart-total"
      dominant-baseline="central"
      text-anchor="middle"
      x="50"
      y="50"
    >
      10
    </text>
  </svg>
  <ul
    class="flex min-w-0 flex-1 flex-col gap-1 text-sm"
    data-testid="day-summary-chart-legend"
  >
    <li
      class="flex items-center gap-2 text-neutral-700 dark:text-neutral-200"
      data-kind-legend="GitHub"
    >
      <span
        aria-hidden="true"
        class="inline-block h-2.5 w-2.5 shrink-0 rounded-sm"
        data-accent-dark="#F0F6FC"
        data-accent-light="#24292F"
      />
      <span
        class="truncate"
      >
        GitHub
      </span>
      <span
        class="ml-auto tabular-nums text-neutral-500 dark:text-neutral-400"
      >
        4
      </span>
    </li>
    <li
      class="flex items-center gap-2 text-neutral-700 dark:text-neutral-200"
      data-kind-legend="GitLab"
    >
      <span
        aria-hidden="true"
        class="inline-block h-2.5 w-2.5 shrink-0 rounded-sm"
        data-accent-dark="#FC6D26"
        data-accent-light="#FC6D26"
      />
      <span
        class="truncate"
      >
        GitLab
      </span>
      <span
        class="ml-auto tabular-nums text-neutral-500 dark:text-neutral-400"
      >
        2
      </span>
    </li>
    <li
      class="flex items-center gap-2 text-neutral-700 dark:text-neutral-200"
      data-kind-legend="LocalGit"
    >
      <span
        aria-hidden="true"
        class="inline-block h-2.5 w-2.5 shrink-0 rounded-sm"
        data-accent-dark="#F05032"
        data-accent-light="#F05032"
      />
      <span
        class="truncate"
      >
        Local git
      </span>
      <span
        class="ml-auto tabular-nums text-neutral-500 dark:text-neutral-400"
      >
        1
      </span>
    </li>
    <li
      class="flex items-center gap-2 text-neutral-700 dark:text-neutral-200"
      data-kind-legend="Jira"
    >
      <span
        aria-hidden="true"
        class="inline-block h-2.5 w-2.5 shrink-0 rounded-sm"
        data-accent-dark="#4C9AFF"
        data-accent-light="#0052CC"
      />
      <span
        class="truncate"
      >
        Jira
      </span>
      <span
        class="ml-auto tabular-nums text-neutral-500 dark:text-neutral-400"
      >
        1
      </span>
    </li>
    <li
      class="flex items-center gap-2 text-neutral-700 dark:text-neutral-200"
      data-kind-legend="Confluence"
    >
      <span
        aria-hidden="true"
        class="inline-block h-2.5 w-2.5 shrink-0 rounded-sm"
        data-accent-dark="#2684FF"
        data-accent-light="#172B4D"
      />
      <span
        class="truncate"
      >
        Confluence
      </span>
      <span
        class="ml-auto tabular-nums text-neutral-500 dark:text-neutral-400"
      >
        1
      </span>
    </li>
    <li
      class="flex items-center gap-2 text-neutral-700 dark:text-neutral-200"
      data-kind-legend="Outlook"
    >
      <span
        aria-hidden="true"
        class="inline-block h-2.5 w-2.5 shrink-0 rounded-sm"
        data-accent-dark="#0078D4"
        data-accent-light="#0078D4"
      />
      <span
        class="truncate"
      >
        Outlook
      </span>
      <span
        class="ml-auto tabular-nums text-neutral-500 dark:text-neutral-400"
      >
        1
      </span>
    </li>
  </ul>
</div>
`;
